// Jest Snapshot v1, https://goo.gl/fbAQLP

exports[`<Posts /> should match snapshot 1`] = `
<div
  class="posts"
>
  <div
    class="post"
  >
    <img
      alt="Título 1"
      src="img/img1.png"
    />
    <div
      class="post-content"
    >
      <h2>
        1
        : 
        Título 1
      </h2>
      <p>
        Corpo 1
      </p>
    </div>
  </div>
  <div
    class="post"
  >
    <img
      alt="Título 2"
      src="img/img2.png"
    />
    <div
      class="post-content"
    >
      <h2>
        2
        : 
        Título 2
      </h2>
      <p>
        Corpo 2
      </p>
    </div>
  </div>
  <div
    class="post"
  >
    <img
      alt="Título 3"
      src="img/img3.png"
    />
    <div
      class="post-content"
    >
      <h2>
        3
        : 
        Título 3
      </h2>
      <p>
        Corpo 3
      </p>
    </div>
  </div>
</div>
`;
